// Jest Snapshot v1, https://goo.gl/fbAQLP

exports[`<Register /> renders 1`] = `
<div
  className="b-register"
>
  <h1
    className="MuiTypography-root-1 MuiTypography-headline-6"
  >
    <span>
      This is the Register component!
    </span>
  </h1>
  <form
    onSubmit={[Function]}
  >
    <div
      className="MuiFormControl-root-25 MuiFormControl-marginNormal-26 MuiFormControl-fullWidth-28"
      onBlur={[Function]}
      onDragStart={[Function]}
      onDrop={[Function]}
      onFocus={[Function]}
    >
      <label
        className="MuiFormLabel-root-34 MuiInputLabel-root-29 MuiInputLabel-formControl-30 MuiInputLabel-animated-33"
        data-shrink={false}
      >
        E-Mail
        <span
          className="MuiFormLabel-asterisk-38"
        >
           *
        </span>
      </label>
      <div
        className="MuiInput-root-39 MuiInput-fullWidth-46 MuiInput-formControl-40 MuiInput-underline-43"
      >
        <input
          aria-invalid={false}
          aria-required={true}
          autoFocus={true}
          className="MuiInput-input-47 MuiInput-inputType-50"
          disabled={false}
          name="email"
          onBlur={[Function]}
          onChange={[Function]}
          onFocus={[Function]}
          placeholder="E-Mail"
          required={true}
          type="email"
          value=""
        />
      </div>
      <p
        className="MuiFormHelperText-root-52"
      >
        Please enter your email
      </p>
    </div>
    <div
      className="MuiFormControl-root-25 MuiFormControl-marginNormal-26 MuiFormControl-fullWidth-28"
      onBlur={[Function]}
      onDragStart={[Function]}
      onDrop={[Function]}
      onFocus={[Function]}
    >
      <label
        className="MuiFormLabel-root-34 MuiInputLabel-root-29 MuiInputLabel-formControl-30 MuiInputLabel-animated-33"
        data-shrink={false}
      >
        Username
      </label>
      <div
        className="MuiInput-root-39 MuiInput-fullWidth-46 MuiInput-formControl-40 MuiInput-underline-43"
      >
        <input
          aria-invalid={false}
          aria-required={false}
          className="MuiInput-input-47"
          disabled={false}
          name="username"
          onBlur={[Function]}
          onChange={[Function]}
          onFocus={[Function]}
          placeholder="Username"
          type="text"
          value=""
        />
      </div>
      <p
        className="MuiFormHelperText-root-52"
      >
        Please enter your username
      </p>
    </div>
    <div
      className="MuiFormControl-root-25 MuiFormControl-marginNormal-26 MuiFormControl-fullWidth-28"
      onBlur={[Function]}
      onDragStart={[Function]}
      onDrop={[Function]}
      onFocus={[Function]}
    >
      <label
        className="MuiFormLabel-root-34 MuiInputLabel-root-29 MuiInputLabel-formControl-30 MuiInputLabel-animated-33"
        data-shrink={false}
      >
        Password
        <span
          className="MuiFormLabel-asterisk-38"
        >
           *
        </span>
      </label>
      <div
        className="MuiInput-root-39 MuiInput-fullWidth-46 MuiInput-formControl-40 MuiInput-underline-43"
      >
        <input
          aria-invalid={false}
          aria-required={true}
          className="MuiInput-input-47 MuiInput-inputType-50"
          disabled={false}
          name="password"
          onBlur={[Function]}
          onChange={[Function]}
          onFocus={[Function]}
          placeholder="Password"
          required={true}
          type="password"
          value=""
        />
      </div>
      <p
        className="MuiFormHelperText-root-52"
      >
        Please enter your password
      </p>
    </div>
    <div
      className="MuiFormControl-root-25 MuiFormControl-marginNormal-26 MuiFormControl-fullWidth-28"
      onBlur={[Function]}
      onDragStart={[Function]}
      onDrop={[Function]}
      onFocus={[Function]}
    >
      <label
        className="MuiFormLabel-root-34 MuiInputLabel-root-29 MuiInputLabel-formControl-30 MuiInputLabel-animated-33"
        data-shrink={false}
      >
        Confirm Password
        <span
          className="MuiFormLabel-asterisk-38"
        >
           *
        </span>
      </label>
      <div
        className="MuiInput-root-39 MuiInput-fullWidth-46 MuiInput-formControl-40 MuiInput-underline-43"
      >
        <input
          aria-invalid={false}
          aria-required={true}
          className="MuiInput-input-47 MuiInput-inputType-50"
          disabled={false}
          name="passwordConfirm"
          onBlur={[Function]}
          onChange={[Function]}
          onFocus={[Function]}
          placeholder="Password"
          required={true}
          type="password"
          value=""
        />
      </div>
      <p
        className="MuiFormHelperText-root-52"
      >
        Please enter your password again
      </p>
    </div>
    <button
      className="MuiButtonBase-root-78 MuiButton-root-56 MuiButton-contained-65 MuiButton-containedPrimary-66 MuiButton-raised-68 MuiButton-raisedPrimary-69"
      disabled={false}
      onBlur={[Function]}
      onFocus={[Function]}
      onKeyDown={[Function]}
      onKeyUp={[Function]}
      onMouseDown={[Function]}
      onMouseLeave={[Function]}
      onMouseUp={[Function]}
      onTouchEnd={[Function]}
      onTouchMove={[Function]}
      onTouchStart={[Function]}
      tabIndex="0"
      type="submit"
    >
      <span
        className="MuiButton-label-57"
      >
        <span>
          Register
        </span>
      </span>
      <span
        className="MuiTouchRipple-root-81"
      />
    </button>
  </form>
  <a
    href="/auth/login"
    onClick={[Function]}
  >
    <button
      className="MuiButtonBase-root-78 MuiButton-root-56 MuiButton-flat-60"
      disabled={false}
      onBlur={[Function]}
      onFocus={[Function]}
      onKeyDown={[Function]}
      onKeyUp={[Function]}
      onMouseDown={[Function]}
      onMouseLeave={[Function]}
      onMouseUp={[Function]}
      onTouchEnd={[Function]}
      onTouchMove={[Function]}
      onTouchStart={[Function]}
      tabIndex="0"
      type="link"
    >
      <span
        className="MuiButton-label-57"
      >
        Login
      </span>
      <span
        className="MuiTouchRipple-root-81"
      />
    </button>
  </a>
</div>
`;
