// Jest Snapshot v1, https://goo.gl/fbAQLP

exports[`<LoadableHome /> renders 1`] = `
<div
  className="Loading"
>
  <p>
    Loading...
  </p>
</div>
`;
