// Jest Snapshot v1, https://goo.gl/fbAQLP

exports[`<PasswordResetConfirm /> renders 1`] = `
<div
  className="b-password-reset-confirm"
>
  <form
    onSubmit={[Function]}
  >
    <div
      className="MuiFormControl-root-1 MuiFormControl-marginNormal-2 MuiFormControl-fullWidth-4"
      onBlur={[Function]}
      onDragStart={[Function]}
      onDrop={[Function]}
      onFocus={[Function]}
    >
      <label
        className="MuiFormLabel-root-10 MuiInputLabel-root-5 MuiInputLabel-formControl-6 MuiInputLabel-animated-9 MuiInputLabel-shrink-8"
        data-shrink={true}
      >
        Token
      </label>
      <div
        className="MuiInput-root-15 MuiInput-fullWidth-22 MuiInput-formControl-16 MuiInput-underline-19"
      >
        <input
          aria-invalid={false}
          aria-required={false}
          className="MuiInput-input-23"
          disabled={false}
          name="token"
          onBlur={[Function]}
          onChange={[Function]}
          onFocus={[Function]}
          placeholder="Token"
          type="text"
          value="token"
        />
      </div>
      <p
        className="MuiFormHelperText-root-28"
      >
        Please enter your token
      </p>
    </div>
    <button
      className="MuiButtonBase-root-48 MuiButton-root-32 MuiButton-raised-38 MuiButton-raisedPrimary-39"
      disabled={false}
      onBlur={[Function]}
      onFocus={[Function]}
      onKeyDown={[Function]}
      onKeyUp={[Function]}
      onMouseDown={[Function]}
      onMouseLeave={[Function]}
      onMouseUp={[Function]}
      onTouchEnd={[Function]}
      onTouchMove={[Function]}
      onTouchStart={[Function]}
      tabIndex="0"
      type="submit"
    >
      <span
        className="MuiButton-label-33"
      >
        <span>
          Reset Password
        </span>
      </span>
      <span
        className="MuiTouchRipple-root-51"
      />
    </button>
  </form>
</div>
`;
