// Jest Snapshot v1, https://goo.gl/fbAQLP

exports[`<App /> renders 1`] = `
<div
  className="App"
>
  <header
    className="App-header"
  >
    <img
      alt="logo"
      className="App-logo"
      src="logo.svg"
    />
    <h1
      className="App-title"
    >
      React.js Boilerplate
    </h1>
  </header>
  <p
    className="App-intro"
  >
    To get started, edit 
    <code>
      app/containers/App/index.js
    </code>
     and save to reload.
  </p>
</div>
`;
