// Jest Snapshot v1, https://goo.gl/fbAQLP

exports[`<App /> renders 1`] = `
<div
  className="App"
>
  <header
    className="App-header"
  >
    <img
      alt="logo"
      className="App-logo"
      src="logo.png"
    />
    <h1
      className="App-title"
    >
      React Shint√µ
    </h1>
  </header>
</div>
`;
