// Jest Snapshot v1, https://goo.gl/fbAQLP

exports[`<PasswordReset /> renders 1`] = `
<div
  className="b-password-reset"
>
  <form
    onSubmit={[Function]}
  >
    <div
      aria-describedby={undefined}
      className="MuiFormControl-root-1 MuiFormControl-marginNormal-2 MuiFormControl-fullWidth-4"
      onBlur={[Function]}
      onDragStart={[Function]}
      onDrop={[Function]}
      onFocus={[Function]}
    >
      <label
        className="MuiFormLabel-root-10 MuiInputLabel-root-5 MuiInputLabel-formControl-6 MuiInputLabel-animated-9"
        data-shrink={false}
        htmlFor={undefined}
      >
        E-Mail
      </label>
      <div
        className="MuiInput-root-15 MuiInput-fullWidth-22 MuiInput-formControl-16 MuiInput-underline-19"
      >
        <input
          aria-invalid={false}
          aria-required={false}
          autoComplete={undefined}
          autoFocus={undefined}
          className="MuiInput-input-23 MuiInput-inputType-26"
          defaultValue={undefined}
          disabled={false}
          id={undefined}
          name="email"
          onBlur={[Function]}
          onChange={[Function]}
          onFocus={[Function]}
          onKeyDown={undefined}
          onKeyUp={undefined}
          placeholder="E-Mail"
          readOnly={undefined}
          required={undefined}
          rows={undefined}
          type="email"
          value=""
        />
      </div>
      <p
        className="MuiFormHelperText-root-28"
        id={undefined}
      >
        Please enter your email
      </p>
    </div>
    <div
      aria-describedby={undefined}
      className="MuiFormControl-root-1 MuiFormControl-marginNormal-2 MuiFormControl-fullWidth-4"
      onBlur={[Function]}
      onDragStart={[Function]}
      onDrop={[Function]}
      onFocus={[Function]}
    >
      <label
        className="MuiFormLabel-root-10 MuiInputLabel-root-5 MuiInputLabel-formControl-6 MuiInputLabel-animated-9"
        data-shrink={false}
        htmlFor={undefined}
      >
        Username
      </label>
      <div
        className="MuiInput-root-15 MuiInput-fullWidth-22 MuiInput-formControl-16 MuiInput-underline-19"
      >
        <input
          aria-invalid={false}
          aria-required={false}
          autoComplete={undefined}
          autoFocus={undefined}
          className="MuiInput-input-23"
          defaultValue={undefined}
          disabled={false}
          id={undefined}
          name="username"
          onBlur={[Function]}
          onChange={[Function]}
          onFocus={[Function]}
          onKeyDown={undefined}
          onKeyUp={undefined}
          placeholder="Username"
          readOnly={undefined}
          required={undefined}
          rows={undefined}
          type="text"
          value=""
        />
      </div>
      <p
        className="MuiFormHelperText-root-28"
        id={undefined}
      >
        Please enter your username
      </p>
    </div>
    <button
      className="MuiButtonBase-root-47 MuiButton-root-32 MuiButton-raised-37 MuiButton-raisedPrimary-38"
      disabled={false}
      onBlur={[Function]}
      onFocus={[Function]}
      onKeyDown={[Function]}
      onKeyUp={[Function]}
      onMouseDown={[Function]}
      onMouseLeave={[Function]}
      onMouseUp={[Function]}
      onTouchEnd={[Function]}
      onTouchMove={[Function]}
      onTouchStart={[Function]}
      tabIndex="0"
      type="submit"
    >
      <span
        className="MuiButton-label-33"
      >
        <span>
          Reset Password
        </span>
      </span>
      <span
        className="MuiTouchRipple-root-49"
      />
    </button>
  </form>
  <a
    href="/auth/login"
    onClick={[Function]}
  >
    <button
      className="MuiButtonBase-root-47 MuiButton-root-32"
      disabled={false}
      onBlur={[Function]}
      onFocus={[Function]}
      onKeyDown={[Function]}
      onKeyUp={[Function]}
      onMouseDown={[Function]}
      onMouseLeave={[Function]}
      onMouseUp={[Function]}
      onTouchEnd={[Function]}
      onTouchMove={[Function]}
      onTouchStart={[Function]}
      tabIndex="0"
      type="link"
    >
      <span
        className="MuiButton-label-33"
      >
        Login
      </span>
      <span
        className="MuiTouchRipple-root-49"
      />
    </button>
  </a>
</div>
`;
