// Jest Snapshot v1, https://goo.gl/fbAQLP

exports[`<Logout /> renders 1`] = `
<div
  className="b-logout"
>
  Logout...
</div>
`;
